// Jest Snapshot v1, https://goo.gl/fbAQLP

exports[`collecting single variant styles 1`] = `
Object {
  "attributes": Object {
    "as": "h1",
  },
  "styles": Object {
    "color": "var(--colors-foreground)",
    "fontSize": Object {
      "initial": 40,
      "large": 60,
      "medium": 48,
    },
  },
}
`;
