// Jest Snapshot v1, https://goo.gl/fbAQLP

exports[`parses media and state props 1`] = `
Object {
  "color": "foreground",
}
`;
