// Jest Snapshot v1, https://goo.gl/fbAQLP

exports[`@jsxui/babel-plugin 1. @jsxui/babel-plugin: 1. @jsxui/babel-plugin 1`] = `

import React from 'react'
import { Text, Spacer, Stack } from '@jsxui/react'

import { Github, Logo, Shapes, Wave } from '../assets'

export default function Index() {
  return (
    <Stack height="minmax(100vh, auto)">
      <div style={{ display: 'grid' }}>
        <Stack style={{ gridArea: '1 / 1' }}>
          <Shapes
            visible={{ initial: false, 'breakpoints.large': true }}
            width="100%"
          />
        </Stack>
        <Stack
          axis="x"
          spaceX="minmax(16px, 1fr)"
          style={{ gridArea: '1 / 1' }}
        >
          <Stack
            width="minmax(auto, 960px)"
            spaceX="1fr"
            spaceYStart="16px"
            spaceYEnd="minmax(16px, 1fr)"
          >
            <Stack
              axis="x"
              width="1fr"
              spaceY="1fr"
              spaceBefore={0}
              spaceAfter={0}
            >
              <Logo width="auto" height="32px" />
              <Spacer />
              <Stack as="a" href="https://github.com/souporserious/jsxui">
                <Github />
              </Stack>
            </Stack>
            <Spacer size="80px" />
            <Text
              width="1fr"
              size="xlarge"
              weight="900"
              lineSpacing={24}
              alignment="center"
              spaceBefore={{
                initial: 0,
                screenMedium: 60,
              }}
              spaceAfter={{
                initial: 0,
                screenMedium: 60,
              }}
            >
              Simple UI Primitives to Help Launch Your next&nbsp;Idea
            </Text>
            <Spacer
              size={{
                initial: '32px',
                screenMedium: '48px',
              }}
            />
          </Stack>
        </Stack>
      </div>
      <Stack
        axis="x"
        width="minmax(100%, 1440px)"
        spaceX={{ 'breakpoints.large': '1fr' }}
        spaceBetween={{ 'breakpoints.large': 'minmax(24px, 0.5fr)' }}
        spaceYStart="40px"
        spaceYEnd="80px"
        background={{ xray: 'url(#diagonalHatch)' }}
        // TODO: add X/YWrap components
        style={{ flexWrap: 'wrap' }}
      >
        {['Elements', 'Variants', 'Overrides', 'Editor'].map((name) => (
          <Stack
            key={name}
            width={{
              initial: '50%',
              'breakpoints.large': '1fr',
            }}
            spaceX="1fr"
            spaceBetween="24px"
          >
            <Text size="large" weight={600} alignment="center" opacity={0.75}>
              {name}
            </Text>
            <Text>Coming Soon</Text>
          </Stack>
        ))}
      </Stack>
      <Wave width="1fr" height="auto" />
      <Spacer size="minmax(80px, 1fr)" background="#7B5AD9" />
    </Stack>
  )
}

      ↓ ↓ ↓ ↓ ↓ ↓

var _jsxuiFileName =
  '/Users/travisarnold/Code/jsxui/packages/babel-plugin/src/__fixtures__/site.js'
import React from 'react'
import { Text, Spacer, Stack } from '@jsxui/react'
import { Github, Logo, Shapes, Wave } from '../assets'
export default function Index() {
  return (
    <Stack
      height="minmax(100vh, auto)"
      __jsxuiSource={{
        fileName: _jsxuiFileName,
        lineNumber: 8,
        columnNumber: 5,
      }}
    >
      <div
        style={{
          display: 'grid',
        }}
        __jsxuiSource={{
          fileName: _jsxuiFileName,
          lineNumber: 9,
          columnNumber: 7,
        }}
      >
        <Stack
          style={{
            gridArea: '1 / 1',
          }}
          __jsxuiSource={{
            fileName: _jsxuiFileName,
            lineNumber: 10,
            columnNumber: 9,
          }}
        >
          <Shapes
            visible={{
              initial: false,
              'breakpoints.large': true,
            }}
            width="100%"
            __jsxuiSource={{
              fileName: _jsxuiFileName,
              lineNumber: 11,
              columnNumber: 11,
            }}
          />
        </Stack>
        <Stack
          axis="x"
          spaceX="minmax(16px, 1fr)"
          style={{
            gridArea: '1 / 1',
          }}
          __jsxuiSource={{
            fileName: _jsxuiFileName,
            lineNumber: 16,
            columnNumber: 9,
          }}
        >
          <Stack
            width="minmax(auto, 960px)"
            spaceX="1fr"
            spaceYStart="16px"
            spaceYEnd="minmax(16px, 1fr)"
            __jsxuiSource={{
              fileName: _jsxuiFileName,
              lineNumber: 21,
              columnNumber: 11,
            }}
          >
            <Stack
              axis="x"
              width="1fr"
              spaceY="1fr"
              spaceBefore={0}
              spaceAfter={0}
              __jsxuiSource={{
                fileName: _jsxuiFileName,
                lineNumber: 27,
                columnNumber: 13,
              }}
            >
              <Logo
                width="auto"
                height="32px"
                __jsxuiSource={{
                  fileName: _jsxuiFileName,
                  lineNumber: 34,
                  columnNumber: 15,
                }}
              />
              <Spacer
                __jsxuiSource={{
                  fileName: _jsxuiFileName,
                  lineNumber: 35,
                  columnNumber: 15,
                }}
              />
              <Stack
                as="a"
                href="https://github.com/souporserious/jsxui"
                __jsxuiSource={{
                  fileName: _jsxuiFileName,
                  lineNumber: 36,
                  columnNumber: 15,
                }}
              >
                <Github
                  __jsxuiSource={{
                    fileName: _jsxuiFileName,
                    lineNumber: 37,
                    columnNumber: 17,
                  }}
                />
              </Stack>
            </Stack>
            <Spacer
              size="80px"
              __jsxuiSource={{
                fileName: _jsxuiFileName,
                lineNumber: 40,
                columnNumber: 13,
              }}
            />
            <Text
              width="1fr"
              size="xlarge"
              weight="900"
              lineSpacing={24}
              alignment="center"
              spaceBefore={{
                initial: 0,
                screenMedium: 60,
              }}
              spaceAfter={{
                initial: 0,
                screenMedium: 60,
              }}
              __jsxuiSource={{
                fileName: _jsxuiFileName,
                lineNumber: 41,
                columnNumber: 13,
              }}
            >
              Simple UI Primitives to Help Launch Your next&nbsp;Idea
            </Text>
            <Spacer
              size={{
                initial: '32px',
                screenMedium: '48px',
              }}
              __jsxuiSource={{
                fileName: _jsxuiFileName,
                lineNumber: 58,
                columnNumber: 13,
              }}
            />
          </Stack>
        </Stack>
      </div>
      <Stack
        axis="x"
        width="minmax(100%, 1440px)"
        spaceX={{
          'breakpoints.large': '1fr',
        }}
        spaceBetween={{
          'breakpoints.large': 'minmax(24px, 0.5fr)',
        }}
        spaceYStart="40px"
        spaceYEnd="80px"
        background={{
          xray: 'url(#diagonalHatch)',
        }} // TODO: add X/YWrap components
        style={{
          flexWrap: 'wrap',
        }}
        __jsxuiSource={{
          fileName: _jsxuiFileName,
          lineNumber: 67,
          columnNumber: 7,
        }}
      >
        {['Elements', 'Variants', 'Overrides', 'Editor'].map((name) => (
          <Stack
            key={name}
            width={{
              initial: '50%',
              'breakpoints.large': '1fr',
            }}
            spaceX="1fr"
            spaceBetween="24px"
            __jsxuiSource={{
              fileName: _jsxuiFileName,
              lineNumber: 79,
              columnNumber: 11,
            }}
          >
            <Text
              size="large"
              weight={600}
              alignment="center"
              opacity={0.75}
              __jsxuiSource={{
                fileName: _jsxuiFileName,
                lineNumber: 88,
                columnNumber: 13,
              }}
            >
              {name}
            </Text>
            <Text
              __jsxuiSource={{
                fileName: _jsxuiFileName,
                lineNumber: 91,
                columnNumber: 13,
              }}
            >
              Coming Soon
            </Text>
          </Stack>
        ))}
      </Stack>
      <Wave
        width="1fr"
        height="auto"
        __jsxuiSource={{
          fileName: _jsxuiFileName,
          lineNumber: 95,
          columnNumber: 7,
        }}
      />
      <Spacer
        size="minmax(80px, 1fr)"
        background="#7B5AD9"
        __jsxuiSource={{
          fileName: _jsxuiFileName,
          lineNumber: 96,
          columnNumber: 7,
        }}
      />
    </Stack>
  )
}


`;
